../Core/Src/main.c:67:1:__io_putchar	16	static
../Core/Src/main.c:114:5:main	12408	static
../Core/Src/main.c:202:6:SystemClock_Config	96	static
../Core/Src/main.c:252:13:MX_ADC1_Init	32	static
../Core/Src/main.c:337:13:MX_TIM2_Init	40	static
../Core/Src/main.c:382:13:MX_USART2_UART_Init	8	static
../Core/Src/main.c:415:13:MX_DMA_Init	16	static
../Core/Src/main.c:433:13:MX_GPIO_Init	48	static
../Core/Src/main.c:466:6:HAL_TIM_PeriodElapsedCallback	16	static
../Core/Src/main.c:473:6:HAL_ADC_ConvCpltCallback	16	static
../Core/Src/main.c:482:6:Error_Handler	4	static,ignoring_inline_asm
