../Core/Src/main.c:67:1:__io_putchar	16	static
../Core/Src/main.c:76:6:sineF32	48	static
../Core/Src/main.c:82:6:calculateVoltage	24	static
../Core/Src/main.c:100:5:main	56	static
../Core/Src/main.c:169:6:SystemClock_Config	96	static
../Core/Src/main.c:219:13:MX_ADC1_Init	32	static
../Core/Src/main.c:304:13:MX_TIM2_Init	40	static
../Core/Src/main.c:349:13:MX_USART2_UART_Init	8	static
../Core/Src/main.c:382:13:MX_DMA_Init	16	static
../Core/Src/main.c:400:13:MX_GPIO_Init	48	static
../Core/Src/main.c:433:6:HAL_TIM_PeriodElapsedCallback	16	static
../Core/Src/main.c:441:6:HAL_ADC_ConvCpltCallback	16	static
../Core/Src/main.c:450:6:Error_Handler	4	static,ignoring_inline_asm
