22:59:21 **** Incremental Build of configuration Debug for project power ****
make -j8 all 
arm-none-eabi-gcc "../Core/Src/main.c" -mcpu=cortex-m4 -std=gnu11 -g3 -DDEBUG -DUSE_HAL_DRIVER -DSTM32L443xx -c -I../Core/Inc -I../Drivers/STM32L4xx_HAL_Driver/Inc -I../Drivers/STM32L4xx_HAL_Driver/Inc/Legacy -I../Drivers/CMSIS/Device/ST/STM32L4xx/Include -I../Drivers/CMSIS/Include -O0 -ffunction-sections -fdata-sections -Wall -fstack-usage -fcyclomatic-complexity -MMD -MP -MF"Core/Src/main.d" -MT"Core/Src/main.o" --specs=nano.specs -mfpu=fpv4-sp-d16 -mfloat-abi=hard -mthumb -o "Core/Src/main.o"
arm-none-eabi-gcc -o "power.elf" @"objects.list"   -mcpu=cortex-m4 -T"C:\Users\johnp\Documents\JP\McGill\Robotics\GitHub\new github\auv-embedded-2025\STM32Power\power\STM32L443RCTX_FLASH.ld" --specs=nosys.specs -Wl,-Map="power.map" -Wl,--gc-sections -static --specs=nano.specs -mfpu=fpv4-sp-d16 -mfloat-abi=hard -mthumb -Wl,--start-group -lc -lm -Wl,--end-group
Finished building target: power.elf
 
arm-none-eabi-size  power.elf 
arm-none-eabi-objdump -h -S power.elf  > "power.list"
   text	   data	    bss	    dec	    hex	filename
  12248	     20	   1724	  13992	   36a8	power.elf
Finished building: default.size.stdout
 
Finished building: power.list
 
